== base public 18:31:44
   rc=0 {"score":2.5349731971760496,"serial":0.08983657811768353,"mtp":0.03543886705301702,"eff":6.3766233766233764,"acc":0.88594704684317716,"matched":true,"tripwire":true}
== clean public 18:36:06
   rc=0 {"score":2.626231478883456,"serial":0.090970396529883146,"mtp":0.034639138728380203,"eff":6.3766233766233764,"acc":0.88594704684317716,"matched":true,"tripwire":true}
== clean cooking 18:40:29
   rc=1 no payload; 
== base cooking 18:40:29
   rc=1 no payload; 
== base geology 18:40:29
   rc=1 no payload; 
== clean geology 18:40:29
   rc=1 no payload; 
== clean music 18:40:29
   rc=1 no payload; 
== base music 18:40:29
   rc=1 no payload; 
== base readme 18:40:29
   rc=1 no payload; 
== clean readme 18:40:29
   rc=1 no payload; 
== clean prefill-plan 18:40:29
   rc=1 no payload; 
== base prefill-plan 18:40:29
   rc=1 no payload; 
== base runbook 18:40:29
   rc=1 no payload; 
== clean runbook 18:40:29
   rc=1 no payload; 
== clean security 18:40:29
   rc=1 no payload; 
== base security 18:40:29
   rc=1 no payload; 
== measure done 18:40:30
