== basedh public 10:18:12
   rc=0 {"score":2.7789861246603205,"serial":0.089077702956274152,"mtp":0.032054029405117035,"eff":6.3589743589743586,"acc":0.87701612903225812,"matched":true,"tripwire":true}
== cleandh public 10:30:18
   rc=0 {"score":2.738079273635322,"serial":0.088736828183755279,"mtp":0.032408421859145164,"eff":6.3589743589743586,"acc":0.87701612903225812,"matched":true,"tripwire":true}
== clean4pin public 10:37:07
   rc=0 {"score":2.633522208707457,"serial":0.089135380927473307,"mtp":0.033846451202407479,"eff":6.2948717948717947,"acc":0.88391038696537683,"matched":true,"tripwire":true}
== clean4pin cooking 10:41:26
   rc=1 no payload; benchmark.sh: ERROR: GPU is hot and not cooling down (current 40.8C, min seen 41.0C, target <=40C, waited 310s).
== cleandh cooking 10:49:10
   rc=0 {"score":1.0673028786042666,"serial":0.093013857491314411,"mtp":0.087148511782288551,"eff":0.65853658536585369,"acc":0.37777777777777777,"matched":true,"tripwire":true}
== basedh cooking 16:50:54
   rc=0 {"score":1.1233233900027633,"serial":0.096524269552901387,"mtp":0.085927410051226616,"eff":0.65853658536585369,"acc":0.37777777777777777,"matched":true,"tripwire":true}
== basedh geology 16:56:50
   rc=0 {"score":2.150930035330719,"serial":0.093998121097683907,"mtp":0.043701152317225933,"eff":3.6444444444444444,"acc":0.76626016260162599,"matched":true,"tripwire":true}
== cleandh geology 17:02:09
   rc=0 {"score":2.270608795238855,"serial":0.093372529372572899,"mtp":0.041122244205325842,"eff":3.6444444444444444,"acc":0.76626016260162599,"matched":true,"tripwire":true}
== clean4pin geology 17:07:17
   rc=0 {"score":2.1325578009379753,"serial":0.090297283139079809,"mtp":0.042342244181782007,"eff":3.6865671641791047,"acc":0.76720647773279349,"matched":true,"tripwire":true}
== clean4pin music 17:11:37
   rc=0 {"score":1.6801855969300277,"serial":0.091758351773023605,"mtp":0.054612033301964402,"eff":2.7058823529411766,"acc":0.55978260869565222,"matched":true,"tripwire":true}
== cleandh music 17:16:15
   rc=0 {"score":1.7258104779597008,"serial":0.091603343607857823,"mtp":0.053078449098393321,"eff":2.616504854368932,"acc":0.56771799628942488,"matched":true,"tripwire":true}
== basedh music 17:21:28
   rc=0 {"score":1.7488184519840164,"serial":0.092365117045119405,"mtp":0.052815726492553949,"eff":2.616504854368932,"acc":0.56771799628942488,"matched":true,"tripwire":true}
== basedh readme 17:26:43
   rc=0 {"score":2.19225691988447,"serial":0.091574853518977761,"mtp":0.041771953226998448,"eff":3.8455882352941178,"acc":0.7189292543021033,"matched":true,"tripwire":true}
== cleandh readme 17:31:50
   rc=0 {"score":2.177775151737937,"serial":0.09090082417242229,"mtp":0.041740224696695805,"eff":3.8455882352941178,"acc":0.7189292543021033,"matched":true,"tripwire":true}
== clean4pin readme 17:36:57
   rc=0 {"score":2.119732826346819,"serial":0.09113751957193017,"mtp":0.042994814459234476,"eff":3.9847328244274811,"acc":0.72988505747126442,"matched":true,"tripwire":true}
== clean4pin runbook 17:41:31
   rc=0 {"score":2.199099007322563,"serial":0.090519884834066033,"mtp":0.041162259876728058,"eff":4.4957264957264957,"acc":0.75095057034220536,"matched":true,"tripwire":true}
== cleandh runbook 17:45:54
   rc=0 {"score":2.3187509133395854,"serial":0.090538255870342255,"mtp":0.039046132704243064,"eff":4.2288135593220337,"acc":0.78957915831663328,"matched":true,"tripwire":true}
== basedh runbook 17:50:58
   rc=0 {"score":2.3761155333031976,"serial":0.091085488209500909,"mtp":0.038333779200911522,"eff":4.2288135593220337,"acc":0.78957915831663328,"matched":true,"tripwire":true}
== basedh dyeing 17:56:16
   rc=0 {"score":1.4630721396544277,"serial":0.089810091769322753,"mtp":0.061384595697745681,"eff":2.1954022988505746,"acc":0.43804537521815007,"matched":true,"tripwire":true}
== cleandh dyeing 18:01:40
   rc=0 {"score":1.4519749305726277,"serial":0.089229480363428593,"mtp":0.061453871196135879,"eff":2.1954022988505746,"acc":0.43804537521815007,"matched":true,"tripwire":true}
== clean4pin dyeing 18:07:05
   rc=0 {"score":1.4092404987153724,"serial":0.089283070294186473,"mtp":0.06335545307956636,"eff":2.1984732824427482,"acc":0.43402777777777779,"matched":true,"tripwire":true}
== measure done 18:11:58
