== base2 public 18:40:30
   rc=0 {"score":2.5596514160787707,"serial":0.091297476552426815,"mtp":0.035667933523654938,"eff":6.3766233766233764,"acc":0.88594704684317716,"matched":true,"tripwire":true}
== cleanhq0 public 18:45:06
   rc=0 {"score":2.4706693864375637,"serial":0.089513519546017051,"mtp":0.036230472614988685,"eff":6.3766233766233764,"acc":0.88594704684317716,"matched":true,"tripwire":true}
== cleanhq0 cooking 18:49:27
   rc=1 no payload; 
== base2 cooking 18:49:27
   rc=1 no payload; 
== base2 geology 18:49:27
   rc=1 no payload; 
== cleanhq0 geology 18:49:27
   rc=1 no payload; 
== cleanhq0 music 18:49:27
   rc=1 no payload; 
== base2 music 18:49:27
   rc=1 no payload; 
== base2 readme 18:49:27
   rc=1 no payload; 
== cleanhq0 readme 18:49:27
   rc=1 no payload; 
== cleanhq0 prefill-plan 18:49:27
   rc=1 no payload; 
== base2 prefill-plan 18:49:27
   rc=1 no payload; 
== base2 runbook 18:49:27
   rc=1 no payload; 
== cleanhq0 runbook 18:49:28
   rc=1 no payload; 
== cleanhq0 security 18:49:28
   rc=1 no payload; 
== base2 security 18:49:28
   rc=1 no payload; 
== measure done 18:49:28
